[32m[Nest] 8412  - [39m2026-02-21, 5:17:07 p.m. [32m    LOG[39m [38;5;3m[NestFactory] [39m[32mStarting Nest application...[39m
node.exe : 
[31m[Nest] 8412  - 
[39m2026-02-21, 
5:17:07 p.m. [31m  
ERROR[39m [38;5;3m[
ExceptionHandler] [3
9mPrismaClientConstru
ctorValidationError: 
Unknown property 
datasource provided 
to PrismaClient 
constructor.
At C:\nvm4w\nodejs\np
x.ps1:29 char:3
+   & $NODE_EXE 
$NPX_CLI_JS $args
+   ~~~~~~~~~~~~~~~~~
~~~~~~~~~~~~
    + CategoryInfo   
           : NotSpe  
  cified: ([31m[N   
 est] 841...nt co    
nstructor.:Strin    
g) [], RemoteExc    
eption
    + FullyQualified 
   ErrorId : Native  
  CommandError
 
Read more at https://
pris.ly/d/client-cons
tructor
    at ql [90m(C:\Us
ers\Home\Documents\TA
C\Project\limat-dep\s
erver\[39mgenerated\
prisma\runtime\client
.js:70:3832[90m)[39
m
    at new t [90m(C:
\Users\Home\Documents
\TAC\Project\limat-de
p\server\[39mgenerat
ed\prisma\runtime\cli
ent.js:74:1241[90m)
[39m
    at new 
PrismaService [90m(C
:\Users\Home\Document
s\TAC\Project\limat-d
ep\server\[39msrc\pr
isma\prisma.service.t
s:7:5[90m)[39m
    at Injector.insta
ntiateClass [90m(C:\
Users\Home\Documents\
TAC\Project\limat-dep
\server\[39mnode_mod
ules\[4m@nestjs[24m
\core\injector\inject
or.js:422:19[90m)[3
9m
    at callback [90m
(C:\Users\Home\Docume
nts\TAC\Project\limat
-dep\server\[39mnode
_modules\[4m@nestjs
[24m\core\injector\in
jector.js:70:45[90m)
[39m
    at async Injector
.resolveConstructorPa
rams [90m(C:\Users\H
ome\Documents\TAC\Pro
ject\limat-dep\server
\[39mnode_modules\[
4m@nestjs[24m\core\i
njector\injector.js:1
70:24[90m)[39m
    at async Injector
.loadInstance [90m(C
:\Users\Home\Document
s\TAC\Project\limat-d
ep\server\[39mnode_m
odules\[4m@nestjs[2
4m\core\injector\inje
ctor.js:75:13[90m)[
39m
    at async Injector
.loadProvider [90m(C
:\Users\Home\Document
s\TAC\Project\limat-d
ep\server\[39mnode_m
odules\[4m@nestjs[2
4m\core\injector\inje
ctor.js:103:9[90m)[
39m
    at async [90mC:\
Users\Home\Documents\
TAC\Project\limat-dep
\server\[39mnode_mod
ules\[4m@nestjs[24m
\core\injector\instan
ce-loader.js:56:13
    at async 
Promise.all (index 3)
